- Generating browser application bundles (phase: setup)...
Ô£ö Browser application bundle generation complete.
Ô£ö Browser application bundle generation complete.
- Copying assets...
Ô£ö Copying assets complete.
- Generating index html...
Ô£ö Index html generation complete.
- Generating service worker...
Ô£ö Service worker generation complete.

Initial chunk files                                                                                     | Names                                                                     |  Raw size
vendor.js                                                                                               | vendor                                                                    |   5.58 MB | 
main.js                                                                                                 | main                                                                      |   1.07 MB | 
styles.css                                                                                              | styles                                                                    | 473.92 kB | 
polyfills.js                                                                                            | polyfills                                                                 | 114.72 kB | 
runtime.js                                                                                              | runtime                                                                   |  12.49 kB | 

                                                                                                        | Initial total                                                             |   7.23 MB

Lazy chunk files                                                                                        | Names                                                                     |  Raw size
src_app_pages_productos_productos_component_ts-node_modules_taiga-ui_cdk_fesm2022_taiga-ui-cd-2d5f93.js | pages-productos-productos-component                                       | 600.44 kB | 
src_app_pages_dashboard_dashboard_component_ts.js                                                       | pages-dashboard-dashboard-component                                       | 477.41 kB | 
src_app_pages_compras_compras_component_ts-node_modules_taiga-ui_cdk_fesm2022_taiga-ui-cdk-di-c71145.js | pages-compras-compras-component                                           | 307.49 kB | 
src_app_pages_pedidos_pedidos_component_ts.js                                                           | pages-pedidos-pedidos-component                                           | 247.29 kB | 
src_app_pages_ventas_ventas_component_ts.js                                                             | pages-ventas-ventas-component                                             | 244.57 kB | 
default-src_app_services_dialogs-services_dialog_service_ts-src_app_services_pedido-sala_serv-b2bea0.js | pages-hacerventa-hacerventa-component                                     | 201.55 kB | 
default-node_modules_taiga-ui_layout_fesm2022_taiga-ui-layout-components-navigation_mjs.js              | pages-dashboard-dashboard-component                                       | 188.89 kB | 
src_app_pages_hacerventa_hacerventa_component_ts-node_modules_taiga-ui_cdk_fesm2022_taiga-ui--d79694.js | pages-hacerventa-hacerventa-component                                     | 185.54 kB | 
src_app_pages_admin_admintiendadetail_admintiendadetail_component_ts.js                                 | pages-admin-admintiendadetail-admintiendadetail-component                 | 177.21 kB | 
src_app_pages_clientes_clientes_component_ts.js                                                         | pages-clientes-clientes-component                                         | 176.84 kB | 
default-src_app_components_Tables_tableusers_tableusers_component_ts-src_app_services_dialogs-411a71.js | pages-admin-adminmanagestore-adminmanagestore-component                   | 166.88 kB | 
default-node_modules_taiga-ui_addon-table_fesm2022_taiga-ui-addon-table-components-table_mjs--2c2e79.js | pages-dashboard-dashboard-component                                       | 149.27 kB | 
default-src_app_services_dialogs-services_dialog-edit-inventario_service_ts-src_app_state_sel-00fa6e.js | pages-hacerventa-hacerventa-component                                     | 119.39 kB | 
src_app_pages_admin_adminmanagestore_adminmanagestore_component_ts.js                                   | pages-admin-adminmanagestore-adminmanagestore-component                   | 110.09 kB | 
default-node_modules_taiga-ui_core_fesm2022_taiga-ui-core-components-calendar_mjs.js                    | pages-dashboard-dashboard-component                                       | 100.04 kB | 
src_app_pages_proveedores_proveedores_component_ts.js                                                   | pages-proveedores-proveedores-component                                   |  98.65 kB | 
default-node_modules_taiga-ui_kit_fesm2022_taiga-ui-kit-components-preview_mjs-node_modules_t-f451e4.js | pages-ventas-ventas-component                                             |  84.50 kB | 
default-node_modules_taiga-ui_legacy_fesm2022_taiga-ui-legacy-components-input-date-range_mjs.js        | pages-dashboard-dashboard-component                                       |  70.62 kB | 
default-node_modules_taiga-ui_kit_fesm2022_taiga-ui-kit-components-tabs_mjs.js                          | pages-dashboard-dashboard-component                                       |  69.72 kB | 
default-src_app_components_Dialogs_dialogcreatetienda_dialogcreatetienda_component_ts.js                | pages-tiendas-tiendas-component                                           |  63.77 kB | 
default-node_modules_date-fns__lib_defaultOptions_js-node_modules_date-fns__lib_getTimezoneOf-7b9bf6.js | pages-dashboard-dashboard-component                                       |  50.68 kB | 
default-node_modules_taiga-ui_addon-mobile_fesm2022_taiga-ui-addon-mobile-directives-responsi-63e2dc.js | pages-hacerventa-hacerventa-component                                     |  50.37 kB | 
src_app_pages_ganancias_ganancias_component_ts.js                                                       | pages-ganancias-ganancias-component                                       |  46.71 kB | 
src_app_pages_admin_adminplanes_adminplanes_component_ts.js                                             | pages-admin-adminplanes-adminplanes-component                             |  44.83 kB | 
src_app_pages_admin_adminhome_adminhome_component_ts.js                                                 | pages-admin-adminhome-adminhome-component                                 |  41.18 kB | 
src_app_components_settingscomponents_myaccount_myaccount_component_ts.js                               | components-settingscomponents-myaccount-myaccount-component               |  40.76 kB | 
default-node_modules_taiga-ui_legacy_fesm2022_taiga-ui-legacy-components-input-date_mjs.js              | pages-dashboard-dashboard-component                                       |  40.32 kB | 
src_app_pages_guia-remision_nueva-guia_nueva-guia_component_ts.js                                       | pages-guia-remision-nueva-guia-nueva-guia-component                       |  38.34 kB | 
default-node_modules_taiga-ui_layout_fesm2022_taiga-ui-layout-components-search_mjs.js                  | pages-ventas-ventas-component                                             |  37.49 kB | 
src_app_components_settingscomponents_temassettings_temassettings_component_ts.js                       | components-settingscomponents-temassettings-temassettings-component       |  37.15 kB | 
default-node_modules_taiga-ui_kit_fesm2022_taiga-ui-kit-components-pagination_mjs.js                    | pages-ventas-ventas-component                                             |  31.49 kB | 
default-node_modules_taiga-ui_addon-charts_fesm2022_taiga-ui-addon-charts-components-legend-i-c3846d.js | pages-dashboard-dashboard-component                                       |  28.54 kB | 
default-node_modules_taiga-ui_kit_fesm2022_taiga-ui-kit-components-chip_mjs.js                          | pages-dashboard-dashboard-component                                       |  25.96 kB | 
src_app_pages_guia-remision_guia-remision_component_ts-node_modules_taiga-ui_layout_fesm2022_-8b4fb1.js | pages-guia-remision-guia-remision-component                               |  23.09 kB | 
src_app_components_settingscomponents_permisossettings_permisossettings_component_ts.js                 | components-settingscomponents-permisossettings-permisossettings-component |  21.13 kB | 
common.js                                                                                               | common                                                                    |  17.81 kB | 
default-node_modules_dayjs_dayjs_min_js.js                                                              | pages-ventas-ventas-component                                             |  12.01 kB | 
src_app_components_settingscomponents_settingslayout_settingslayout_component_ts.js                     | components-settingscomponents-settingslayout-settingslayout-component     |   5.93 kB | 
src_app_pages_tiendas_tiendas_component_ts-src_app_state_selectors_tienda_selectors_ts.js               | pages-tiendas-tiendas-component                                           |   3.45 kB | 
src_app_pages_not-found_not-found_component_ts.js                                                       | pages-not-found-not-found-component                                       |   2.28 kB | 
src_app_pages_admin_adminsettings_adminsettings_component_ts.js                                         | pages-admin-adminsettings-adminsettings-component                         |   2.22 kB | 
src_app_pages_perfil_perfil_component_ts.js                                                             | pages-perfil-perfil-component                                             |   2.02 kB | 

Build at: 2026-09-18T03:53:15.937Z - Hash: 6ec140ebd7d05707 - Time: 16878ms

Warning: src/app/components/Dialogs/dialogcreateinventario/dialogcreateinventario.component.html:13:59 - warning NG8107: The left side of this optional chain operation does not include 'null' or 'undefined' in its type, therefore the '?.' operator can be replaced with the '.' operator.

13               <img                       [src]="producto?.imagen ? URL_BASE + producto.imagen : 'https://sublimac.com/wp-content/uploads/2017/11/default-placeholder.png'"
                                                             ~~~~~~

  src/app/components/Dialogs/dialogcreateinventario/dialogcreateinventario.component.ts:55:16
    55   templateUrl: './dialogcreateinventario.component.html',
                      ~~~~~~~~~~~~~~~~~~~~~~~~~~~~~~~~~~~~~~~~~
    Error occurs in the template of component DialogcreateinventarioComponent.


Warning: src/app/components/Dialogs/dialogdetailtienda/dialogdetailtienda.component.html:21:32 - warning NG8107: The left side of this optional chain operation does not include 'null' or 'undefined' in its type, therefore the '?.' operator can be replaced with the '.' operator.

21                 [src]="tienda?.logo_img ? imageUrl(tienda.logo_img) : 'https://sublimac.com/wp-content/uploads/2017/11/default-placeholder.png'"
                                  ~~~~~~~~

  src/app/components/Dialogs/dialogdetailtienda/dialogdetailtienda.component.ts:25:16
    25   templateUrl: './dialogdetailtienda.component.html',
                      ~~~~~~~~~~~~~~~~~~~~~~~~~~~~~~~~~~~~~
    Error occurs in the template of component DialogdetailtiendaComponent.


Warning: src/app/components/Dialogs/dialogdetailtienda/dialogdetailtienda.component.html:46:47 - warning NG8102: The left side of this nullish coalescing operation does not include 'null' or 'undefined' in its type, therefore the '??' operator can be safely removed.

46                 <span class="tabular-nums">{{ tienda.id ?? 'ÔÇö' }}</span>
                                                 ~~~~~~~~~~~~~~~~

  src/app/components/Dialogs/dialogdetailtienda/dialogdetailtienda.component.ts:25:16
    25   templateUrl: './dialogdetailtienda.component.html',
                      ~~~~~~~~~~~~~~~~~~~~~~~~~~~~~~~~~~~~~
    Error occurs in the template of component DialogdetailtiendaComponent.


Warning: src/app/components/Dialogs/dialogventadetail/dialogventadetail.component.html:11:37 - warning NG8107: The left side of this optional chain operation does not include 'null' or 'undefined' in its type, therefore the '?.' operator can be replaced with the '.' operator.

11         [class]="venta.comprobante?.estado_sunat === 'ACEPTADO' ? 'bg-emerald-50 text-emerald-700 dark:bg-emerald-900/20 dark:text-emerald-400' : venta.comprobante?.estado_sunat === 'RECHAZADO' ? 'bg-red-50 text-red-700 dark:bg-red-900/20 dark:text-red-400' : 'bg-amber-50 text-amber-700 dark:bg-amber-900/20 dark:text-amber-400'">
                                       ~~~~~~~~~~~~

  src/app/components/Dialogs/dialogventadetail/dialogventadetail.component.ts:56:16
    56   templateUrl: './dialogventadetail.component.html',
                      ~~~~~~~~~~~~~~~~~~~~~~~~~~~~~~~~~~~~
    Error occurs in the template of component DialogventadetailComponent.


Warning: src/app/components/Dialogs/dialogventadetail/dialogventadetail.component.html:11:166 - warning NG8107: The left side of this optional chain operation does not include 'null' or 'undefined' in its type, therefore the '?.' operator can be replaced with the '.' operator.

11         [class]="venta.comprobante?.estado_sunat === 'ACEPTADO' ? 'bg-emerald-50 text-emerald-700 dark:bg-emerald-900/20 dark:text-emerald-400' : venta.comprobante?.estado_sunat === 'RECHAZADO' ? 'bg-red-50 text-red-700 dark:bg-red-900/20 dark:text-red-400' : 'bg-amber-50 text-amber-700 dark:bg-amber-900/20 dark:text-amber-400'">
                                                                                                                                                                        ~~~~~~~~~~~~

  src/app/components/Dialogs/dialogventadetail/dialogventadetail.component.ts:56:16
    56   templateUrl: './dialogventadetail.component.html',
                      ~~~~~~~~~~~~~~~~~~~~~~~~~~~~~~~~~~~~
    Error occurs in the template of component DialogventadetailComponent.


Warning: src/app/components/Dialogs/dialogventadetail/dialogventadetail.component.html:12:31 - warning NG8107: The left side of this optional chain operation does not include 'null' or 'undefined' in its type, therefore the '?.' operator can be replaced with the '.' operator.

12         {{ venta.comprobante?.estado_sunat === 'ACEPTADO' ? 'Aceptado' : venta.comprobante?.estado_sunat === 'RECHAZADO' ? 'Rechazado' : 'Pendiente' }}
                                 ~~~~~~~~~~~~

  src/app/components/Dialogs/dialogventadetail/dialogventadetail.component.ts:56:16
    56   templateUrl: './dialogventadetail.component.html',
                      ~~~~~~~~~~~~~~~~~~~~~~~~~~~~~~~~~~~~
    Error occurs in the template of component DialogventadetailComponent.


Warning: src/app/components/Dialogs/dialogventadetail/dialogventadetail.component.html:12:93 - warning NG8107: The left side of this optional chain operation does not include 'null' or 'undefined' in its type, therefore the '?.' operator can be replaced with the '.' operator.

12         {{ venta.comprobante?.estado_sunat === 'ACEPTADO' ? 'Aceptado' : venta.comprobante?.estado_sunat === 'RECHAZADO' ? 'Rechazado' : 'Pendiente' }}
                                                                                               ~~~~~~~~~~~~

  src/app/components/Dialogs/dialogventadetail/dialogventadetail.component.ts:56:16
    56   templateUrl: './dialogventadetail.component.html',
                      ~~~~~~~~~~~~~~~~~~~~~~~~~~~~~~~~~~~~
    Error occurs in the template of component DialogventadetailComponent.


Warning: src/app/components/Dialogs/dialogventadetail/dialogventadetail.component.html:128:45 - warning NG8107: The left side of this optional chain operation does not include 'null' or 'undefined' in its type, therefore the '?.' operator can be replaced with the '.' operator.

128                 [class]="venta.comprobante?.estado_sunat === 'ACEPTADO' ? 'bg-emerald-50 text-emerald-700 dark:bg-emerald-900/20 dark:text-emerald-400' : venta.comprobante?.estado_sunat === 'RECHAZADO' ? 'bg-red-50 text-red-700 dark:bg-red-900/20 dark:text-red-400' : 'bg-amber-50 text-amber-700 dark:bg-amber-900/20 dark:text-amber-400'">
                                                ~~~~~~~~~~~~

  src/app/components/Dialogs/dialogventadetail/dialogventadetail.component.ts:56:16
    56   templateUrl: './dialogventadetail.component.html',
                      ~~~~~~~~~~~~~~~~~~~~~~~~~~~~~~~~~~~~
    Error occurs in the template of component DialogventadetailComponent.


Warning: src/app/components/Dialogs/dialogventadetail/dialogventadetail.component.html:128:174 - warning NG8107: The left side of this optional chain operation does not include 'null' or 'undefined' in its type, therefore the '?.' operator can be replaced with the '.' operator.

128                 [class]="venta.comprobante?.estado_sunat === 'ACEPTADO' ? 'bg-emerald-50 text-emerald-700 dark:bg-emerald-900/20 dark:text-emerald-400' : venta.comprobante?.estado_sunat === 'RECHAZADO' ? 'bg-red-50 text-red-700 dark:bg-red-900/20 dark:text-red-400' : 'bg-amber-50 text-amber-700 dark:bg-amber-900/20 dark:text-amber-400'">
                                                                                                                                                                                 ~~~~~~~~~~~~

  src/app/components/Dialogs/dialogventadetail/dialogventadetail.component.ts:56:16
    56   templateUrl: './dialogventadetail.component.html',
                      ~~~~~~~~~~~~~~~~~~~~~~~~~~~~~~~~~~~~
    Error occurs in the template of component DialogventadetailComponent.


Warning: src/app/components/Dialogs/dialogventadetail/dialogventadetail.component.html:129:39 - warning NG8107: The left side of this optional chain operation does not include 'null' or 'undefined' in its type, therefore the '?.' operator can be replaced with the '.' operator.

129                 {{ venta.comprobante?.estado_sunat === 'ACEPTADO' ? 'Aceptado' : venta.comprobante?.estado_sunat === 'RECHAZADO' ? 'Rechazado' : 'Pendiente' }}
                                          ~~~~~~~~~~~~

  src/app/components/Dialogs/dialogventadetail/dialogventadetail.component.ts:56:16
    56   templateUrl: './dialogventadetail.component.html',
                      ~~~~~~~~~~~~~~~~~~~~~~~~~~~~~~~~~~~~
    Error occurs in the template of component DialogventadetailComponent.


Warning: src/app/components/Dialogs/dialogventadetail/dialogventadetail.component.html:129:101 - warning NG8107: The left side of this optional chain operation does not include 'null' or 'undefined' in its type, therefore the '?.' operator can be replaced with the '.' operator.

129                 {{ venta.comprobante?.estado_sunat === 'ACEPTADO' ? 'Aceptado' : venta.comprobante?.estado_sunat === 'RECHAZADO' ? 'Rechazado' : 'Pendiente' }}
                                                                                                        ~~~~~~~~~~~~

  src/app/components/Dialogs/dialogventadetail/dialogventadetail.component.ts:56:16
    56   templateUrl: './dialogventadetail.component.html',
                      ~~~~~~~~~~~~~~~~~~~~~~~~~~~~~~~~~~~~
    Error occurs in the template of component DialogventadetailComponent.


Warning: src/app/components/Dialogs/dialogventadetail/dialogventadetail.component.html:219:48 - warning NG8107: The left side of this optional chain operation does not include 'null' or 'undefined' in its type, therefore the '?.' operator can be replaced with the '.' operator.

219                 {{ comprobante.nombre_cliente?.charAt(0) || 'C' }}
                                                   ~~~~~~

  src/app/components/Dialogs/dialogventadetail/dialogventadetail.component.ts:56:16
    56   templateUrl: './dialogventadetail.component.html',
                      ~~~~~~~~~~~~~~~~~~~~~~~~~~~~~~~~~~~~
    Error occurs in the template of component DialogventadetailComponent.


Warning: src/app/components/Tables/tableusers/tableusers.component.html:21:34 - warning NG8107: The left side of this optional chain operation does not include 'null' or 'undefined' in its type, therefore the '?.' operator can be replaced with the '.' operator.

21             {{ (user.first_name?.charAt(0) || user.username?.charAt(0) || '?') }}{{ (user.last_name?.charAt(0) || '') }}
                                    ~~~~~~

  src/app/components/Tables/tableusers/tableusers.component.ts:24:16
    24   templateUrl: './tableusers.component.html',
                      ~~~~~~~~~~~~~~~~~~~~~~~~~~~~~
    Error occurs in the template of component TableUsersComponent.


Warning: src/app/components/Tables/tableusers/tableusers.component.html:21:62 - warning NG8107: The left side of this optional chain operation does not include 'null' or 'undefined' in its type, therefore the '?.' operator can be replaced with the '.' operator.

21             {{ (user.first_name?.charAt(0) || user.username?.charAt(0) || '?') }}{{ (user.last_name?.charAt(0) || '') }}
                                                                ~~~~~~

  src/app/components/Tables/tableusers/tableusers.component.ts:24:16
    24   templateUrl: './tableusers.component.html',
                      ~~~~~~~~~~~~~~~~~~~~~~~~~~~~~
    Error occurs in the template of component TableUsersComponent.


Warning: src/app/components/Tables/tableusers/tableusers.component.html:21:102 - warning NG8107: The left side of this optional chain operation does not include 'null' or 'undefined' in its type, therefore the '?.' operator can be replaced with the '.' operator.

21             {{ (user.first_name?.charAt(0) || user.username?.charAt(0) || '?') }}{{ (user.last_name?.charAt(0) || '') }}
                                                                                                        ~~~~~~

  src/app/components/Tables/tableusers/tableusers.component.ts:24:16
    24   templateUrl: './tableusers.component.html',
                      ~~~~~~~~~~~~~~~~~~~~~~~~~~~~~
    Error occurs in the template of component TableUsersComponent.


Warning: src/app/components/comprascomponents/registrarcompra/registrarcompra.component.html:383:88 - warning NG8107: The left side of this optional chain operation does not include 'null' or 'undefined' in its type, therefore the '?.' operator can be replaced with the '.' operator.

383                 [disabled]="!tiposDocProveedorPermitidos[f['tipo_comprobante'].value]?.includes(td)">
                                                                                           ~~~~~~~~

  src/app/components/comprascomponents/registrarcompra/registrarcompra.component.ts:33:16
    33   templateUrl: './registrarcompra.component.html',
                      ~~~~~~~~~~~~~~~~~~~~~~~~~~~~~~~~~~
    Error occurs in the template of component RegistrarcompraComponent.


Warning: src/app/components/comprascomponents/registrarcompra/registrarcompra.component.html:397:131 - warning NG8107: The left side of this optional chain operation does not include 'null' or 'undefined' in its type, therefore the '?.' operator can be replaced with the '.' operator.

397                 [placeholder]="f['tipo_documento_proveedor'].value ? longitudesDocProveedor[f['tipo_documento_proveedor'].value]?.label : 'Seleccione tipo'"
                                                                                                                                      ~~~~~

  src/app/components/comprascomponents/registrarcompra/registrarcompra.component.ts:33:16
    33   templateUrl: './registrarcompra.component.html',
                      ~~~~~~~~~~~~~~~~~~~~~~~~~~~~~~~~~~
    Error occurs in the template of component RegistrarcompraComponent.


Warning: src/app/components/dashboardcomponents/dashboard-general-stats/dashboard-general-stats.component.html:47:94 - warning NG8102: The left side of this nullish coalescing operation does not include 'null' or 'undefined' in its type, therefore the '??' operator can be safely removed.

47             <td class="py-2 text-center text-neutral-600 dark:text-neutral-400 align-top">{{ prod.cantidad ?? 0 }}</td>
                                                                                                ~~~~~~~~~~~~~~~~~~

  src/app/components/dashboardcomponents/dashboard-general-stats/dashboard-general-stats.component.ts:17:16
    17   templateUrl: './dashboard-general-stats.component.html',
                      ~~~~~~~~~~~~~~~~~~~~~~~~~~~~~~~~~~~~~~~~~~
    Error occurs in the template of component DashboardGeneralStatsComponent.


Warning: src/app/components/dashboardcomponents/dashboard-general-stats/dashboard-general-stats.component.html:48:101 - warning NG8102: The left side of this nullish coalescing operation does not include 'null' or 'undefined' in its type, therefore the '??' operator can be safely removed.

48             <td class="py-2 text-right font-bold text-neutral-900 dark:text-white align-top">S/ {{ (prod.ingresos ?? 0) | number:'1.0-0' }}</td>
                                                                                                       ~~~~~~~~~~~~~~~~~~

  src/app/components/dashboardcomponents/dashboard-general-stats/dashboard-general-stats.component.ts:17:16
    17   templateUrl: './dashboard-general-stats.component.html',
                      ~~~~~~~~~~~~~~~~~~~~~~~~~~~~~~~~~~~~~~~~~~
    Error occurs in the template of component DashboardGeneralStatsComponent.


Warning: src/app/components/dashboardcomponents/dashboard-general-stats/dashboard-general-stats.component.html:117:99 - warning NG8102: The left side of this nullish coalescing operation does not include 'null' or 'undefined' in its type, therefore the '??' operator can be safely removed.

117         <span class="text-xs font-medium text-neutral-700 dark:text-neutral-300 w-24 shrink-0">{{ metodo.nombre ?? 'Otro' }}</span>
                                                                                                      ~~~~~~~~~~~~~~~~~~~~~~~

  src/app/components/dashboardcomponents/dashboard-general-stats/dashboard-general-stats.component.ts:17:16
    17   templateUrl: './dashboard-general-stats.component.html',
                      ~~~~~~~~~~~~~~~~~~~~~~~~~~~~~~~~~~~~~~~~~~
    Error occurs in the template of component DashboardGeneralStatsComponent.


Warning: src/app/components/dashboardcomponents/dashboard-general-stats/dashboard-general-stats.component.html:120:30 - warning NG8102: The left side of this nullish coalescing operation does not include 'null' or 'undefined' in its type, therefore the '??' operator can be safely removed.

120             [style.width.%]="metodo.porcentaje ?? 0"
                                 ~~~~~~~~~~~~~~~~~~~~~~

  src/app/components/dashboardcomponents/dashboard-general-stats/dashboard-general-stats.component.ts:17:16
    17   templateUrl: './dashboard-general-stats.component.html',
                      ~~~~~~~~~~~~~~~~~~~~~~~~~~~~~~~~~~~~~~~~~~
    Error occurs in the template of component DashboardGeneralStatsComponent.


Warning: src/app/components/dashboardcomponents/dashboard-general-stats/dashboard-general-stats.component.html:122:78 - warning NG8102: The left side of this nullish coalescing operation does not include 'null' or 'undefined' in its type, therefore the '??' operator can be safely removed.

122             <span class="text-[10px] font-bold text-white drop-shadow-sm">{{ metodo.porcentaje ?? 0 }}%</span>
                                                                                 ~~~~~~~~~~~~~~~~~~~~~~

  src/app/components/dashboardcomponents/dashboard-general-stats/dashboard-general-stats.component.ts:17:16
    17   templateUrl: './dashboard-general-stats.component.html',
                      ~~~~~~~~~~~~~~~~~~~~~~~~~~~~~~~~~~~~~~~~~~
    Error occurs in the template of component DashboardGeneralStatsComponent.


Warning: src/app/components/dashboardcomponents/dashboard-general-stats/dashboard-general-stats.component.html:126:79 - warning NG8102: The left side of this nullish coalescing operation does not include 'null' or 'undefined' in its type, therefore the '??' operator can be safely removed.

126           <span class="text-xs font-bold text-neutral-900 dark:text-white">{{ metodo.cantidad ?? 0 }}</span>
                                                                                  ~~~~~~~~~~~~~~~~~~~~

  src/app/components/dashboardcomponents/dashboard-general-stats/dashboard-general-stats.component.ts:17:16
    17   templateUrl: './dashboard-general-stats.component.html',
                      ~~~~~~~~~~~~~~~~~~~~~~~~~~~~~~~~~~~~~~~~~~
    Error occurs in the template of component DashboardGeneralStatsComponent.


Warning: src/app/components/dashboardcomponents/dashboard-general-stats/dashboard-general-stats.component.html:127:67 - warning NG8102: The left side of this nullish coalescing operation does not include 'null' or 'undefined' in its type, therefore the '??' operator can be safely removed.

127           <span class="text-[10px] text-neutral-400 block">S/ {{ (metodo.monto ?? 0) | number:'1.0-0' }}</span>
                                                                      ~~~~~~~~~~~~~~~~~

  src/app/components/dashboardcomponents/dashboard-general-stats/dashboard-general-stats.component.ts:17:16
    17   templateUrl: './dashboard-general-stats.component.html',
                      ~~~~~~~~~~~~~~~~~~~~~~~~~~~~~~~~~~~~~~~~~~
    Error occurs in the template of component DashboardGeneralStatsComponent.


Warning: src/app/components/dashboardcomponents/dashboard-general-stats/dashboard-general-stats.component.html:174:79 - warning NG8102: The left side of this nullish coalescing operation does not include 'null' or 'undefined' in its type, therefore the '??' operator can be safely removed.

174           <span class="text-xs font-bold text-neutral-900 dark:text-white">{{ cat.nombre ?? 'ÔÇö' }}</span>
                                                                                  ~~~~~~~~~~~~~~~~~

  src/app/components/dashboardcomponents/dashboard-general-stats/dashboard-general-stats.component.ts:17:16
    17   templateUrl: './dashboard-general-stats.component.html',
                      ~~~~~~~~~~~~~~~~~~~~~~~~~~~~~~~~~~~~~~~~~~
    Error occurs in the template of component DashboardGeneralStatsComponent.


Warning: src/app/components/dashboardcomponents/dashboard-general-stats/dashboard-general-stats.component.html:176:83 - warning NG8102: The left side of this nullish coalescing operation does not include 'null' or 'undefined' in its type, therefore the '??' operator can be safely removed.

176         <p class="text-lg font-extrabold text-neutral-900 dark:text-white">S/ {{ (cat.ingresos ?? 0) | number:'1.0-0' }}</p>
                                                                                      ~~~~~~~~~~~~~~~~~

  src/app/components/dashboardcomponents/dashboard-general-stats/dashboard-general-stats.component.ts:17:16
    17   templateUrl: './dashboard-general-stats.component.html',
                      ~~~~~~~~~~~~~~~~~~~~~~~~~~~~~~~~~~~~~~~~~~
    Error occurs in the template of component DashboardGeneralStatsComponent.


Warning: src/app/components/dashboardcomponents/dashboard-general-stats/dashboard-general-stats.component.html:177:59 - warning NG8102: The left side of this nullish coalescing operation does not include 'null' or 'undefined' in its type, therefore the '??' operator can be safely removed.

177         <p class="text-[10px] text-neutral-400 mt-0.5">{{ cat.cantidad ?? 0 }} unidades vendidas</p>
                                                              ~~~~~~~~~~~~~~~~~

  src/app/components/dashboardcomponents/dashboard-general-stats/dashboard-general-stats.component.ts:17:16
    17   templateUrl: './dashboard-general-stats.component.html',
                      ~~~~~~~~~~~~~~~~~~~~~~~~~~~~~~~~~~~~~~~~~~
    Error occurs in the template of component DashboardGeneralStatsComponent.


Warning: src/app/components/dashboardcomponents/dashboard-payment-methods/dashboard-payment-methods.component.html:45:81 - warning NG8102: The left side of this nullish coalescing operation does not include 'null' or 'undefined' in its type, therefore the '??' operator can be safely removed.

45           <p class="text-lg font-extrabold text-neutral-900 dark:text-white">{{ totalVentas ?? 0 }}</p>
                                                                                   ~~~~~~~~~~~~~~~~

  src/app/components/dashboardcomponents/dashboard-payment-methods/dashboard-payment-methods.component.ts:26:16
    26   templateUrl: './dashboard-payment-methods.component.html',
                      ~~~~~~~~~~~~~~~~~~~~~~~~~~~~~~~~~~~~~~~~~~~~
    Error occurs in the template of component DashboardPaymentMethodsComponent.


Warning: src/app/components/dashboardcomponents/dashboard-payment-methods/dashboard-payment-methods.component.html:59:20 - warning NG8102: The left side of this nullish coalescing operation does not include 'null' or 'undefined' in its type, therefore the '??' operator can be safely removed.

59           <span>{{ ringValue[index] ?? 0 }}</span>
                      ~~~~~~~~~~~~~~~~~~~~~

  src/app/components/dashboardcomponents/dashboard-payment-methods/dashboard-payment-methods.component.ts:26:16
    26   templateUrl: './dashboard-payment-methods.component.html',
                      ~~~~~~~~~~~~~~~~~~~~~~~~~~~~~~~~~~~~~~~~~~~~
    Error occurs in the template of component DashboardPaymentMethodsComponent.


Warning: src/app/components/dashboardcomponents/graficos-inicio/graficos-inicio.component.html:63:104 - warning NG8102: The left side of this nullish coalescing operation does not include 'null' or 'undefined' in its type, therefore the '??' operator can be safely removed.

63                 <span class="text-xs font-bold text-neutral-900 dark:text-white block leading-none">{{ prod.cantidad ?? 0 }} uds</span>
                                                                                                          ~~~~~~~~~~~~~~~~~~

  src/app/components/dashboardcomponents/graficos-inicio/graficos-inicio.component.ts:15:16
    15   templateUrl: './graficos-inicio.component.html',
                      ~~~~~~~~~~~~~~~~~~~~~~~~~~~~~~~~~~
    Error occurs in the template of component GraficosInicioComponent.


Warning: src/app/components/dashboardcomponents/graficos-inicio/graficos-inicio.component.html:64:129 - warning NG8102: The left side of this nullish coalescing operation does not include 'null' or 'undefined' in its type, therefore the '??' operator can be safely removed.

64                 <span class="text-[10px] font-semibold text-neutral-500 dark:text-neutral-400 block leading-none mt-0.5">S/ {{ (prod.total ?? 0) | number:'1.2-2' }}</span>
                                                                                                                                   ~~~~~~~~~~~~~~~

  src/app/components/dashboardcomponents/graficos-inicio/graficos-inicio.component.ts:15:16
    15   templateUrl: './graficos-inicio.component.html',
                      ~~~~~~~~~~~~~~~~~~~~~~~~~~~~~~~~~~
    Error occurs in the template of component GraficosInicioComponent.


Warning: src/app/components/dashboardcomponents/graficos-inicio/graficos-inicio.component.html:143:21 - warning NG8102: The left side of this nullish coalescing operation does not include 'null' or 'undefined' in its type, therefore the '??' operator can be safely removed.

143                 {{ (gaugeValue ?? 0) >= 0 ? '+' : '' }}{{ (gaugeValue ?? 0) | number:'1.0-0' }}%
                        ~~~~~~~~~~~~~~~

  src/app/components/dashboardcomponents/graficos-inicio/graficos-inicio.component.ts:15:16
    15   templateUrl: './graficos-inicio.component.html',
                      ~~~~~~~~~~~~~~~~~~~~~~~~~~~~~~~~~~
    Error occurs in the template of component GraficosInicioComponent.


Warning: src/app/components/dashboardcomponents/graficos-inicio/graficos-inicio.component.html:143:60 - warning NG8102: The left side of this nullish coalescing operation does not include 'null' or 'undefined' in its type, therefore the '??' operator can be safely removed.

143                 {{ (gaugeValue ?? 0) >= 0 ? '+' : '' }}{{ (gaugeValue ?? 0) | number:'1.0-0' }}%
                                                               ~~~~~~~~~~~~~~~

  src/app/components/dashboardcomponents/graficos-inicio/graficos-inicio.component.ts:15:16
    15   templateUrl: './graficos-inicio.component.html',
                      ~~~~~~~~~~~~~~~~~~~~~~~~~~~~~~~~~~
    Error occurs in the template of component GraficosInicioComponent.


Warning: src/app/components/dashboardcomponents/graficos-inicio/graficos-inicio.component.html:148:23 - warning NG8102: The left side of this nullish coalescing operation does not include 'null' or 'undefined' in its type, therefore the '??' operator can be safely removed.

148             [class]="(variacion ?? 0) >= 0 ? 'text-green-600 dark:text-green-400' : 'text-red-600 dark:text-red-400'">
                          ~~~~~~~~~~~~~~

  src/app/components/dashboardcomponents/graficos-inicio/graficos-inicio.component.ts:15:16
    15   templateUrl: './graficos-inicio.component.html',
                      ~~~~~~~~~~~~~~~~~~~~~~~~~~~~~~~~~~
    Error occurs in the template of component GraficosInicioComponent.


Warning: src/app/components/dashboardcomponents/graficos-inicio/graficos-inicio.component.html:149:17 - warning NG8102: The left side of this nullish coalescing operation does not include 'null' or 'undefined' in its type, therefore the '??' operator can be safely removed.

149             {{ (variacion ?? 0) >= 0 ? '+' : '' }}{{ (variacion ?? 0) | number:'1.0-0' }} soles vs mes anterior
                    ~~~~~~~~~~~~~~

  src/app/components/dashboardcomponents/graficos-inicio/graficos-inicio.component.ts:15:16
    15   templateUrl: './graficos-inicio.component.html',
                      ~~~~~~~~~~~~~~~~~~~~~~~~~~~~~~~~~~
    Error occurs in the template of component GraficosInicioComponent.


Warning: src/app/components/dashboardcomponents/graficos-inicio/graficos-inicio.component.html:149:55 - warning NG8102: The left side of this nullish coalescing operation does not include 'null' or 'undefined' in its type, therefore the '??' operator can be safely removed.

149             {{ (variacion ?? 0) >= 0 ? '+' : '' }}{{ (variacion ?? 0) | number:'1.0-0' }} soles vs mes anterior
                                                          ~~~~~~~~~~~~~~

  src/app/components/dashboardcomponents/graficos-inicio/graficos-inicio.component.ts:15:16
    15   templateUrl: './graficos-inicio.component.html',
                      ~~~~~~~~~~~~~~~~~~~~~~~~~~~~~~~~~~
    Error occurs in the template of component GraficosInicioComponent.


Warning: src/app/components/sidenav/sidenav.component.html:122:33 - warning NG8107: The left side of this optional chain operation does not include 'null' or 'undefined' in its type, therefore the '?.' operator can be replaced with the '.' operator.

122             {{ user.first_name?.charAt(0) || 'U' }}{{ user.last_name?.charAt(0) || '' }}
                                    ~~~~~~

  src/app/components/sidenav/sidenav.component.ts:76:16
    76   templateUrl: './sidenav.component.html',
                      ~~~~~~~~~~~~~~~~~~~~~~~~~~
    Error occurs in the template of component SidenavComponent.


Warning: src/app/components/sidenav/sidenav.component.html:122:71 - warning NG8107: The left side of this optional chain operation does not include 'null' or 'undefined' in its type, therefore the '?.' operator can be replaced with the '.' operator.

122             {{ user.first_name?.charAt(0) || 'U' }}{{ user.last_name?.charAt(0) || '' }}
                                                                          ~~~~~~

  src/app/components/sidenav/sidenav.component.ts:76:16
    76   templateUrl: './sidenav.component.html',
                      ~~~~~~~~~~~~~~~~~~~~~~~~~~
    Error occurs in the template of component SidenavComponent.


Warning: src/app/components/sidenav/sidenav.component.html:127:60 - warning NG8107: The left side of this optional chain operation does not include 'null' or 'undefined' in its type, therefore the '?.' operator can be replaced with the '.' operator.

127             <app-planbadge mode="pill" [tiendaId]="tienda?.id"></app-planbadge>
                                                               ~~

  src/app/components/sidenav/sidenav.component.ts:76:16
    76   templateUrl: './sidenav.component.html',
                      ~~~~~~~~~~~~~~~~~~~~~~~~~~
    Error occurs in the template of component SidenavComponent.


Warning: src/app/components/sidenav/sidenav.component.html:138:35 - warning NG8107: The left side of this optional chain operation does not include 'null' or 'undefined' in its type, therefore the '?.' operator can be replaced with the '.' operator.

138               {{ user.first_name?.charAt(0) || 'U' }}{{ user.last_name?.charAt(0) || '' }}
                                      ~~~~~~

  src/app/components/sidenav/sidenav.component.ts:76:16
    76   templateUrl: './sidenav.component.html',
                      ~~~~~~~~~~~~~~~~~~~~~~~~~~
    Error occurs in the template of component SidenavComponent.


Warning: src/app/components/sidenav/sidenav.component.html:138:73 - warning NG8107: The left side of this optional chain operation does not include 'null' or 'undefined' in its type, therefore the '?.' operator can be replaced with the '.' operator.

138               {{ user.first_name?.charAt(0) || 'U' }}{{ user.last_name?.charAt(0) || '' }}
                                                                            ~~~~~~

  src/app/components/sidenav/sidenav.component.ts:76:16
    76   templateUrl: './sidenav.component.html',
                      ~~~~~~~~~~~~~~~~~~~~~~~~~~
    Error occurs in the template of component SidenavComponent.


Warning: src/app/components/sidenavadmin/sidenavadmin.component.html:48:33 - warning NG8107: The left side of this optional chain operation does not include 'null' or 'undefined' in its type, therefore the '?.' operator can be replaced with the '.' operator.

48             {{ user.first_name?.charAt(0) || 'U' }}{{ user.last_name?.charAt(0) || '' }}
                                   ~~~~~~

  src/app/components/sidenavadmin/sidenavadmin.component.ts:62:16
    62   templateUrl: './sidenavadmin.component.html',
                      ~~~~~~~~~~~~~~~~~~~~~~~~~~~~~~~
    Error occurs in the template of component SidenavadminComponent.


Warning: src/app/components/sidenavadmin/sidenavadmin.component.html:48:71 - warning NG8107: The left side of this optional chain operation does not include 'null' or 'undefined' in its type, therefore the '?.' operator can be replaced with the '.' operator.

48             {{ user.first_name?.charAt(0) || 'U' }}{{ user.last_name?.charAt(0) || '' }}
                                                                         ~~~~~~

  src/app/components/sidenavadmin/sidenavadmin.component.ts:62:16
    62   templateUrl: './sidenavadmin.component.html',
                      ~~~~~~~~~~~~~~~~~~~~~~~~~~~~~~~
    Error occurs in the template of component SidenavadminComponent.


Warning: src/app/components/sidenavadmin/sidenavadmin.component.html:63:35 - warning NG8107: The left side of this optional chain operation does not include 'null' or 'undefined' in its type, therefore the '?.' operator can be replaced with the '.' operator.

63               {{ user.first_name?.charAt(0) || 'U' }}{{ user.last_name?.charAt(0) || '' }}
                                     ~~~~~~

  src/app/components/sidenavadmin/sidenavadmin.component.ts:62:16
    62   templateUrl: './sidenavadmin.component.html',
                      ~~~~~~~~~~~~~~~~~~~~~~~~~~~~~~~
    Error occurs in the template of component SidenavadminComponent.


Warning: src/app/components/sidenavadmin/sidenavadmin.component.html:63:73 - warning NG8107: The left side of this optional chain operation does not include 'null' or 'undefined' in its type, therefore the '?.' operator can be replaced with the '.' operator.

63               {{ user.first_name?.charAt(0) || 'U' }}{{ user.last_name?.charAt(0) || '' }}
                                                                           ~~~~~~

  src/app/components/sidenavadmin/sidenavadmin.component.ts:62:16
    62   templateUrl: './sidenavadmin.component.html',
                      ~~~~~~~~~~~~~~~~~~~~~~~~~~~~~~~
    Error occurs in the template of component SidenavadminComponent.


Warning: src/app/components/topnav/topnav.component.html:76:33 - warning NG8107: The left side of this optional chain operation does not include 'null' or 'undefined' in its type, therefore the '?.' operator can be replaced with the '.' operator.

76             {{ user.first_name?.charAt(0) || 'U' }}{{ user.last_name?.charAt(0) || '' }}
                                   ~~~~~~

  src/app/components/topnav/topnav.component.ts:67:16
    67   templateUrl: './topnav.component.html',
                      ~~~~~~~~~~~~~~~~~~~~~~~~~
    Error occurs in the template of component TopnavComponent.


Warning: src/app/components/topnav/topnav.component.html:76:71 - warning NG8107: The left side of this optional chain operation does not include 'null' or 'undefined' in its type, therefore the '?.' operator can be replaced with the '.' operator.

76             {{ user.first_name?.charAt(0) || 'U' }}{{ user.last_name?.charAt(0) || '' }}
                                                                         ~~~~~~

  src/app/components/topnav/topnav.component.ts:67:16
    67   templateUrl: './topnav.component.html',
                      ~~~~~~~~~~~~~~~~~~~~~~~~~
    Error occurs in the template of component TopnavComponent.


Warning: src/app/components/topnav/topnav.component.html:90:35 - warning NG8107: The left side of this optional chain operation does not include 'null' or 'undefined' in its type, therefore the '?.' operator can be replaced with the '.' operator.

90               {{ user.first_name?.charAt(0) || 'U' }}{{ user.last_name?.charAt(0) || '' }}
                                     ~~~~~~

  src/app/components/topnav/topnav.component.ts:67:16
    67   templateUrl: './topnav.component.html',
                      ~~~~~~~~~~~~~~~~~~~~~~~~~
    Error occurs in the template of component TopnavComponent.


Warning: src/app/components/topnav/topnav.component.html:90:73 - warning NG8107: The left side of this optional chain operation does not include 'null' or 'undefined' in its type, therefore the '?.' operator can be replaced with the '.' operator.

90               {{ user.first_name?.charAt(0) || 'U' }}{{ user.last_name?.charAt(0) || '' }}
                                                                           ~~~~~~

  src/app/components/topnav/topnav.component.ts:67:16
    67   templateUrl: './topnav.component.html',
                      ~~~~~~~~~~~~~~~~~~~~~~~~~
    Error occurs in the template of component TopnavComponent.


Warning: src/app/components/topnav/topnav.component.html:129:62 - warning NG8107: The left side of this optional chain operation does not include 'null' or 'undefined' in its type, therefore the '?.' operator can be replaced with the '.' operator.

129             <div class="dropdown-avatar">{{ user.first_name?.charAt(0) || 'U' }}{{ user.last_name?.charAt(0) || '' }}</div>
                                                                 ~~~~~~

  src/app/components/topnav/topnav.component.ts:67:16
    67   templateUrl: './topnav.component.html',
                      ~~~~~~~~~~~~~~~~~~~~~~~~~
    Error occurs in the template of component TopnavComponent.


Warning: src/app/components/topnav/topnav.component.html:129:100 - warning NG8107: The left side of this optional chain operation does not include 'null' or 'undefined' in its type, therefore the '?.' operator can be replaced with the '.' operator.

129             <div class="dropdown-avatar">{{ user.first_name?.charAt(0) || 'U' }}{{ user.last_name?.charAt(0) || '' }}</div>
                                                                                                       ~~~~~~

  src/app/components/topnav/topnav.component.ts:67:16
    67   templateUrl: './topnav.component.html',
                      ~~~~~~~~~~~~~~~~~~~~~~~~~
    Error occurs in the template of component TopnavComponent.


Warning: src/app/components/topnavadmin/topnavadmin.component.html:36:24 - warning NG8107: The left side of this optional chain operation does not include 'null' or 'undefined' in its type, therefore the '?.' operator can be replaced with the '.' operator.

36               {{ user?.first_name?.charAt(0) || 'U' }}{{ user?.last_name?.charAt(0) || '' }}
                          ~~~~~~~~~~

  src/app/components/topnavadmin/topnavadmin.component.ts:22:16
    22   templateUrl: './topnavadmin.component.html',
                      ~~~~~~~~~~~~~~~~~~~~~~~~~~~~~~
    Error occurs in the template of component TopnavAdminComponent.


Warning: src/app/components/topnavadmin/topnavadmin.component.html:36:64 - warning NG8107: The left side of this optional chain operation does not include 'null' or 'undefined' in its type, therefore the '?.' operator can be replaced with the '.' operator.

36               {{ user?.first_name?.charAt(0) || 'U' }}{{ user?.last_name?.charAt(0) || '' }}
                                                                  ~~~~~~~~~

  src/app/components/topnavadmin/topnavadmin.component.ts:22:16
    22   templateUrl: './topnavadmin.component.html',
                      ~~~~~~~~~~~~~~~~~~~~~~~~~~~~~~
    Error occurs in the template of component TopnavAdminComponent.


Warning: src/app/components/topnavadmin/topnavadmin.component.html:39:103 - warning NG8107: The left side of this optional chain operation does not include 'null' or 'undefined' in its type, therefore the '?.' operator can be replaced with the '.' operator.

39               <p class="text-[12px] font-medium leading-none text-[#1d1d1f] dark:text-white">{{ user?.username }}</p>
                                                                                                         ~~~~~~~~

  src/app/components/topnavadmin/topnavadmin.component.ts:22:16
    22   templateUrl: './topnavadmin.component.html',
                      ~~~~~~~~~~~~~~~~~~~~~~~~~~~~~~
    Error occurs in the template of component TopnavAdminComponent.


Warning: src/app/components/topnavadmin/topnavadmin.component.html:46:166 - warning NG8107: The left side of this optional chain operation does not include 'null' or 'undefined' in its type, therefore the '?.' operator can be replaced with the '.' operator.

46               <div class="w-9 h-9 rounded-full user-avatar bg-black/[0.06] dark:bg-white/[0.08] flex items-center justify-center text-[12px] font-semibold">{{ user?.first_name?.charAt(0) || 'U' }}{{ user?.last_name?.charAt(0) || '' }}</div>
                                                                                                                                                                        ~~~~~~~~~~

  src/app/components/topnavadmin/topnavadmin.component.ts:22:16
    22   templateUrl: './topnavadmin.component.html',
                      ~~~~~~~~~~~~~~~~~~~~~~~~~~~~~~
    Error occurs in the template of component TopnavAdminComponent.


Warning: src/app/components/topnavadmin/topnavadmin.component.html:46:206 - warning NG8107: The left side of this optional chain operation does not include 'null' or 'undefined' in its type, therefore the '?.' operator can be replaced with the '.' operator.

46               <div class="w-9 h-9 rounded-full user-avatar bg-black/[0.06] dark:bg-white/[0.08] flex items-center justify-center text-[12px] font-semibold">{{ user?.first_name?.charAt(0) || 'U' }}{{ user?.last_name?.charAt(0) || '' }}</div>
                                                                                                                                                                                                                ~~~~~~~~~

  src/app/components/topnavadmin/topnavadmin.component.ts:22:16
    22   templateUrl: './topnavadmin.component.html',
                      ~~~~~~~~~~~~~~~~~~~~~~~~~~~~~~
    Error occurs in the template of component TopnavAdminComponent.


Warning: src/app/components/topnavadmin/topnavadmin.component.html:48:94 - warning NG8107: The left side of this optional chain operation does not include 'null' or 'undefined' in its type, therefore the '?.' operator can be replaced with the '.' operator.

48                 <p class="text-[13px] font-semibold text-[#1d1d1f] dark:text-white">{{ user?.first_name }} {{ user?.last_name }}</p>
                                                                                                ~~~~~~~~~~

  src/app/components/topnavadmin/topnavadmin.component.ts:22:16
    22   templateUrl: './topnavadmin.component.html',
                      ~~~~~~~~~~~~~~~~~~~~~~~~~~~~~~
    Error occurs in the template of component TopnavAdminComponent.


Warning: src/app/components/topnavadmin/topnavadmin.component.html:48:117 - warning NG8107: The left side of this optional chain operation does not include 'null' or 'undefined' in its type, therefore the '?.' operator can be replaced with the '.' operator.

48                 <p class="text-[13px] font-semibold text-[#1d1d1f] dark:text-white">{{ user?.first_name }} {{ user?.last_name }}</p>
                                                                                                                       ~~~~~~~~~

  src/app/components/topnavadmin/topnavadmin.component.ts:22:16
    22   templateUrl: './topnavadmin.component.html',
                      ~~~~~~~~~~~~~~~~~~~~~~~~~~~~~~
    Error occurs in the template of component TopnavAdminComponent.


Warning: src/app/components/topnavadmin/topnavadmin.component.html:49:64 - warning NG8107: The left side of this optional chain operation does not include 'null' or 'undefined' in its type, therefore the '?.' operator can be replaced with the '.' operator.

49                 <p class="text-[11px] text-[#86868b]">{{ user?.username }}</p>
                                                                  ~~~~~~~~

  src/app/components/topnavadmin/topnavadmin.component.ts:22:16
    22   templateUrl: './topnavadmin.component.html',
                      ~~~~~~~~~~~~~~~~~~~~~~~~~~~~~~
    Error occurs in the template of component TopnavAdminComponent.


Warning: src/app/components/topnavadmin/topnavadmin.component.html:74:133 - warning NG8107: The left side of this optional chain operation does not include 'null' or 'undefined' in its type, therefore the '?.' operator can be replaced with the '.' operator.

74               <div class="w-9 h-9 rounded-full bg-black/[0.06] flex items-center justify-center text-[12px] font-semibold">{{ user?.first_name?.charAt(0) || 'U' }}</div>
                                                                                                                                       ~~~~~~~~~~

  src/app/components/topnavadmin/topnavadmin.component.ts:22:16
    22   templateUrl: './topnavadmin.component.html',
                      ~~~~~~~~~~~~~~~~~~~~~~~~~~~~~~
    Error occurs in the template of component TopnavAdminComponent.


Warning: src/app/components/topnavadmin/topnavadmin.component.html:76:63 - warning NG8107: The left side of this optional chain operation does not include 'null' or 'undefined' in its type, therefore the '?.' operator can be replaced with the '.' operator.

76                 <p class="text-[13px] font-semibold">{{ user?.first_name }} {{ user?.last_name }}</p>
                                                                 ~~~~~~~~~~

  src/app/components/topnavadmin/topnavadmin.component.ts:22:16
    22   templateUrl: './topnavadmin.component.html',
                      ~~~~~~~~~~~~~~~~~~~~~~~~~~~~~~
    Error occurs in the template of component TopnavAdminComponent.


Warning: src/app/components/topnavadmin/topnavadmin.component.html:76:86 - warning NG8107: The left side of this optional chain operation does not include 'null' or 'undefined' in its type, therefore the '?.' operator can be replaced with the '.' operator.

76                 <p class="text-[13px] font-semibold">{{ user?.first_name }} {{ user?.last_name }}</p>
                                                                                        ~~~~~~~~~

  src/app/components/topnavadmin/topnavadmin.component.ts:22:16
    22   templateUrl: './topnavadmin.component.html',
                      ~~~~~~~~~~~~~~~~~~~~~~~~~~~~~~
    Error occurs in the template of component TopnavAdminComponent.


Warning: src/app/components/topnavadmin/topnavadmin.component.html:77:64 - warning NG8107: The left side of this optional chain operation does not include 'null' or 'undefined' in its type, therefore the '?.' operator can be replaced with the '.' operator.

77                 <p class="text-[11px] text-[#86868b]">{{ user?.username }}</p>
                                                                  ~~~~~~~~

  src/app/components/topnavadmin/topnavadmin.component.ts:22:16
    22   templateUrl: './topnavadmin.component.html',
                      ~~~~~~~~~~~~~~~~~~~~~~~~~~~~~~
    Error occurs in the template of component TopnavAdminComponent.


Warning: src/app/components/ventascomponents/canceledsales/canceledsales.component.html:78:39 - warning NG8107: The left side of this optional chain operation does not include 'null' or 'undefined' in its type, therefore the '?.' operator can be replaced with the '.' operator.

78                 {{ venta.comprobante?.serie }}-{{ venta.comprobante?.correlativo }}
                                         ~~~~~

  src/app/components/ventascomponents/canceledsales/canceledsales.component.ts:28:16
    28   templateUrl: './canceledsales.component.html',
                      ~~~~~~~~~~~~~~~~~~~~~~~~~~~~~~~~
    Error occurs in the template of component CanceledsalesComponent.


Warning: src/app/components/ventascomponents/canceledsales/canceledsales.component.html:78:70 - warning NG8107: The left side of this optional chain operation does not include 'null' or 'undefined' in its type, therefore the '?.' operator can be replaced with the '.' operator.

78                 {{ venta.comprobante?.serie }}-{{ venta.comprobante?.correlativo }}
                                                                        ~~~~~~~~~~~

  src/app/components/ventascomponents/canceledsales/canceledsales.component.ts:28:16
    28   templateUrl: './canceledsales.component.html',
                      ~~~~~~~~~~~~~~~~~~~~~~~~~~~~~~~~
    Error occurs in the template of component CanceledsalesComponent.


Warning: src/app/components/ventascomponents/canceledsales/canceledsales.component.html:89:50 - warning NG8107: The left side of this optional chain operation does not include 'null' or 'undefined' in its type, therefore the '?.' operator can be replaced with the '.' operator.

89               {{ venta.comprobante_nota_credito?.serie }}-{{ venta.comprobante_nota_credito?.correlativo }}
                                                    ~~~~~

  src/app/components/ventascomponents/canceledsales/canceledsales.component.ts:28:16
    28   templateUrl: './canceledsales.component.html',
                      ~~~~~~~~~~~~~~~~~~~~~~~~~~~~~~~~
    Error occurs in the template of component CanceledsalesComponent.


Warning: src/app/components/ventascomponents/canceledsales/canceledsales.component.html:89:94 - warning NG8107: The left side of this optional chain operation does not include 'null' or 'undefined' in its type, therefore the '?.' operator can be replaced with the '.' operator.

89               {{ venta.comprobante_nota_credito?.serie }}-{{ venta.comprobante_nota_credito?.correlativo }}
                                                                                                ~~~~~~~~~~~

  src/app/components/ventascomponents/canceledsales/canceledsales.component.ts:28:16
    28   templateUrl: './canceledsales.component.html',
                      ~~~~~~~~~~~~~~~~~~~~~~~~~~~~~~~~
    Error occurs in the template of component CanceledsalesComponent.


Warning: src/app/components/ventascomponents/canceledsales/canceledsales.component.html:115:128 - warning NG8107: The left side of this optional chain operation does not include 'null' or 'undefined' in its type, therefore the '?.' operator can be replaced with the '.' operator.

115           <p class="text-xs font-medium text-red-900 dark:text-red-300 mt-0.5 line-clamp-2">{{ venta.comprobante_nota_credito?.motivo || 'Anulaci├│n de la operaci├│n' }} <span class="font-normal text-red-600/60">┬À {{ venta.comprobante_nota_credito?.tipo_motivo || '01' }}</span></p>
                                                                                                                                   ~~~~~~

  src/app/components/ventascomponents/canceledsales/canceledsales.component.ts:28:16
    28   templateUrl: './canceledsales.component.html',
                      ~~~~~~~~~~~~~~~~~~~~~~~~~~~~~~~~
    Error occurs in the template of component CanceledsalesComponent.


Warning: src/app/components/ventascomponents/canceledsales/canceledsales.component.html:115:248 - warning NG8107: The left side of this optional chain operation does not include 'null' or 'undefined' in its type, therefore the '?.' operator can be replaced with the '.' operator.

115           <p class="text-xs font-medium text-red-900 dark:text-red-300 mt-0.5 line-clamp-2">{{ venta.comprobante_nota_credito?.motivo || 'Anulaci├│n de la operaci├│n' }} <span class="font-normal text-red-600/60">┬À {{ venta.comprobante_nota_credito?.tipo_motivo || '01' }}</span></p>
                                                                                                                                                                                                                                                           ~~~~~~~~~~~

  src/app/components/ventascomponents/canceledsales/canceledsales.component.ts:28:16
    28   templateUrl: './canceledsales.component.html',
                      ~~~~~~~~~~~~~~~~~~~~~~~~~~~~~~~~
    Error occurs in the template of component CanceledsalesComponent.


Warning: src/app/components/ventascomponents/canceledsales/canceledsales.component.html:116:103 - warning NG8107: The left side of this optional chain operation does not include 'null' or 'undefined' in its type, therefore the '?.' operator can be replaced with the '.' operator.

116           <p class="text-[10px] text-red-400/70 mt-1">{{ formatoCorto(venta.comprobante_nota_credito?.fecha_emision || venta.fecha_hora) }} ┬À NC {{ venta.comprobante_nota_credito?.serie }}-{{ venta.comprobante_nota_credito?.correlativo }}</p>
                                                                                                          ~~~~~~~~~~~~~

  src/app/components/ventascomponents/canceledsales/canceledsales.component.ts:28:16
    28   templateUrl: './canceledsales.component.html',
                      ~~~~~~~~~~~~~~~~~~~~~~~~~~~~~~~~
    Error occurs in the template of component CanceledsalesComponent.


Warning: src/app/components/ventascomponents/canceledsales/canceledsales.component.html:116:181 - warning NG8107: The left side of this optional chain operation does not include 'null' or 'undefined' in its type, therefore the '?.' operator can be replaced with the '.' operator.

116           <p class="text-[10px] text-red-400/70 mt-1">{{ formatoCorto(venta.comprobante_nota_credito?.fecha_emision || venta.fecha_hora) }} ┬À NC {{ venta.comprobante_nota_credito?.serie }}-{{ venta.comprobante_nota_credito?.correlativo }}</p>
                                                                                                                                                                                        ~~~~~

  src/app/components/ventascomponents/canceledsales/canceledsales.component.ts:28:16
    28   templateUrl: './canceledsales.component.html',
                      ~~~~~~~~~~~~~~~~~~~~~~~~~~~~~~~~
    Error occurs in the template of component CanceledsalesComponent.


Warning: src/app/components/ventascomponents/canceledsales/canceledsales.component.html:116:225 - warning NG8107: The left side of this optional chain operation does not include 'null' or 'undefined' in its type, therefore the '?.' operator can be replaced with the '.' operator.

116           <p class="text-[10px] text-red-400/70 mt-1">{{ formatoCorto(venta.comprobante_nota_credito?.fecha_emision || venta.fecha_hora) }} ┬À NC {{ venta.comprobante_nota_credito?.serie }}-{{ venta.comprobante_nota_credito?.correlativo }}</p>
                                                                                                                                                                                                                                    ~~~~~~~~~~~

  src/app/components/ventascomponents/canceledsales/canceledsales.component.ts:28:16
    28   templateUrl: './canceledsales.component.html',
                      ~~~~~~~~~~~~~~~~~~~~~~~~~~~~~~~~
    Error occurs in the template of component CanceledsalesComponent.


Warning: src/app/components/ventascomponents/canceledsales/canceledsales.component.html:124:84 - warning NG8107: The left side of this optional chain operation does not include 'null' or 'undefined' in its type, therefore the '?.' operator can be replaced with the '.' operator.

124             <span class="ml-auto text-[10px] text-stone-400">{{ venta.comprobante?.estado_sunat || 'ACEPTADO' }}</span>
                                                                                       ~~~~~~~~~~~~

  src/app/components/ventascomponents/canceledsales/canceledsales.component.ts:28:16
    28   templateUrl: './canceledsales.component.html',
                      ~~~~~~~~~~~~~~~~~~~~~~~~~~~~~~~~
    Error occurs in the template of component CanceledsalesComponent.


Warning: src/app/components/ventascomponents/canceledsales/canceledsales.component.html:139:73 - warning NG8107: The left side of this optional chain operation does not include 'null' or 'undefined' in its type, therefore the '?.' operator can be replaced with the '.' operator.

139             <p class="text-[10px] text-stone-400">{{ venta.comprobante?.serie }} ┬À {{ formatoCorto(venta.fecha_realizacion || venta.fecha_hora) }}</p>
                                                                            ~~~~~

  src/app/components/ventascomponents/canceledsales/canceledsales.component.ts:28:16
    28   templateUrl: './canceledsales.component.html',
                      ~~~~~~~~~~~~~~~~~~~~~~~~~~~~~~~~
    Error occurs in the template of component CanceledsalesComponent.


Warning: src/app/components/ventascomponents/canceledsales/canceledsales.component.html:142:228 - warning NG8107: The left side of this optional chain operation does not include 'null' or 'undefined' in its type, therefore the '?.' operator can be replaced with the '.' operator.

142             <span class="hidden sm:inline-flex items-center px-2.5 py-1 rounded-full text-[10px] font-medium bg-amber-50 dark:bg-amber-900/20 text-amber-700 dark:text-amber-400 border border-amber-200/50">{{ venta.comprobante?.estado_sunat || 'ACEPTADO' }}</span>
                                                                                                                                                                                                                                       ~~~~~~~~~~~~

  src/app/components/ventascomponents/canceledsales/canceledsales.component.ts:28:16
    28   templateUrl: './canceledsales.component.html',
                      ~~~~~~~~~~~~~~~~~~~~~~~~~~~~~~~~
    Error occurs in the template of component CanceledsalesComponent.


Warning: src/app/components/ventascomponents/listallventas/listallventas.component.html:189:142 - warning NG8107: The left side of this optional chain operation does not include 'null' or 'undefined' in its type, therefore the '?.' operator can be replaced with the '.' operator.

189                     <span class="inline-flex items-center px-2 py-1 rounded-full text-[10px] font-medium border" [class]="venta.comprobante?.estado_sunat === 'ACEPTADO' ? 'bg-emerald-50 dark:bg-emerald-900/20 text-emerald-700 dark:text-emerald-400 border-emerald-200/50' : venta.comprobante?.estado_sunat === 'RECHAZADO' ? 'bg-red-50 dark:bg-red-900/20 text-red-600 dark:text-red-400 border-red-200/50' : 'bg-amber-50 dark:bg-amber-900/20 text-amber-700 dark:text-amber-400 border-amber-200/50'">
                                                                                                                                                 ~~~~~~~~~~~~

  src/app/components/ventascomponents/listallventas/listallventas.component.ts:59:16
    59   templateUrl: './listallventas.component.html', providers: [
                      ~~~~~~~~~~~~~~~~~~~~~~~~~~~~~~~~
    Error occurs in the template of component ListallventasComponent.


Warning: src/app/components/ventascomponents/listallventas/listallventas.component.html:189:293 - warning NG8107: The left side of this optional chain operation does not include 'null' or 'undefined' in its type, therefore the '?.' operator can be replaced with the '.' operator.

189                     <span class="inline-flex items-center px-2 py-1 rounded-full text-[10px] font-medium border" [class]="venta.comprobante?.estado_sunat === 'ACEPTADO' ? 'bg-emerald-50 dark:bg-emerald-900/20 text-emerald-700 dark:text-emerald-400 border-emerald-200/50' : venta.comprobante?.estado_sunat === 'RECHAZADO' ? 'bg-red-50 dark:bg-red-900/20 text-red-600 dark:text-red-400 border-red-200/50' : 'bg-amber-50 dark:bg-amber-900/20 text-amber-700 dark:text-amber-400 border-amber-200/50'">
                                                                                                                                                                                                                                                                                                        ~~~~~~~~~~~~

  src/app/components/ventascomponents/listallventas/listallventas.component.ts:59:16
    59   templateUrl: './listallventas.component.html', providers: [
                      ~~~~~~~~~~~~~~~~~~~~~~~~~~~~~~~~
    Error occurs in the template of component ListallventasComponent.


Warning: src/app/components/ventascomponents/listallventas/listallventas.component.html:190:45 - warning NG8107: The left side of this optional chain operation does not include 'null' or 'undefined' in its type, therefore the '?.' operator can be replaced with the '.' operator.

190                       {{ venta.comprobante?.estado_sunat || 'SIN COMPROBANTE' }}
                                                ~~~~~~~~~~~~

  src/app/components/ventascomponents/listallventas/listallventas.component.ts:59:16
    59   templateUrl: './listallventas.component.html', providers: [
                      ~~~~~~~~~~~~~~~~~~~~~~~~~~~~~~~~
    Error occurs in the template of component ListallventasComponent.


Warning: src/app/components/ventascomponents/listallventas/listallventas.component.html:313:127 - warning NG8107: The left side of this optional chain operation does not include 'null' or 'undefined' in its type, therefore the '?.' operator can be replaced with the '.' operator.

313                 <span class="inline-flex px-2.5 py-1 rounded-full text-[10px] font-medium border" [class]="venta.comprobante?.estado_sunat === 'ACEPTADO' ? 'bg-emerald-50 dark:bg-emerald-900/20 text-emerald-700 dark:text-emerald-400 border-emerald-200/50' : venta.comprobante?.estado_sunat === 'RECHAZADO' ? 'bg-red-50 dark:bg-red-900/20 text-red-600 dark:text-red-400 border-red-200/50' : 'bg-amber-50 dark:bg-amber-900/20 text-amber-700 dark:text-amber-400 border-amber-200/50'">
                                                                                                                                  ~~~~~~~~~~~~

  src/app/components/ventascomponents/listallventas/listallventas.component.ts:59:16
    59   templateUrl: './listallventas.component.html', providers: [
                      ~~~~~~~~~~~~~~~~~~~~~~~~~~~~~~~~
    Error occurs in the template of component ListallventasComponent.


Warning: src/app/components/ventascomponents/listallventas/listallventas.component.html:313:278 - warning NG8107: The left side of this optional chain operation does not include 'null' or 'undefined' in its type, therefore the '?.' operator can be replaced with the '.' operator.

313                 <span class="inline-flex px-2.5 py-1 rounded-full text-[10px] font-medium border" [class]="venta.comprobante?.estado_sunat === 'ACEPTADO' ? 'bg-emerald-50 dark:bg-emerald-900/20 text-emerald-700 dark:text-emerald-400 border-emerald-200/50' : venta.comprobante?.estado_sunat === 'RECHAZADO' ? 'bg-red-50 dark:bg-red-900/20 text-red-600 dark:text-red-400 border-red-200/50' : 'bg-amber-50 dark:bg-amber-900/20 text-amber-700 dark:text-amber-400 border-amber-200/50'">
                                                                                                                                                                                                                                                                                         ~~~~~~~~~~~~

  src/app/components/ventascomponents/listallventas/listallventas.component.ts:59:16
    59   templateUrl: './listallventas.component.html', providers: [
                      ~~~~~~~~~~~~~~~~~~~~~~~~~~~~~~~~
    Error occurs in the template of component ListallventasComponent.


Warning: src/app/components/ventascomponents/listallventas/listallventas.component.html:314:41 - warning NG8107: The left side of this optional chain operation does not include 'null' or 'undefined' in its type, therefore the '?.' operator can be replaced with the '.' operator.

314                   {{ venta.comprobante?.estado_sunat || 'SIN COMPROBANTE' }}
                                            ~~~~~~~~~~~~

  src/app/components/ventascomponents/listallventas/listallventas.component.ts:59:16
    59   templateUrl: './listallventas.component.html', providers: [
                      ~~~~~~~~~~~~~~~~~~~~~~~~~~~~~~~~
    Error occurs in the template of component ListallventasComponent.


Warning: src/app/components/ventascomponents/listallventas/listallventas.component.html:316:88 - warning NG8107: The left side of this optional chain operation does not include 'null' or 'undefined' in its type, therefore the '?.' operator can be replaced with the '.' operator.

316                 <span class="ml-auto text-[10px] text-stone-400">{{ venta.comprobante?.serie || 'ÔÇö' }} ┬À {{ formatoHora12(venta.fecha_hora) }}</span>
                                                                                           ~~~~~

  src/app/components/ventascomponents/listallventas/listallventas.component.ts:59:16
    59   templateUrl: './listallventas.component.html', providers: [
                      ~~~~~~~~~~~~~~~~~~~~~~~~~~~~~~~~
    Error occurs in the template of component ListallventasComponent.


Warning: src/app/components/ventascomponents/listallventas/listallventas.component.html:355:236 - warning NG8107: The left side of this optional chain operation does not include 'null' or 'undefined' in its type, therefore the '?.' operator can be replaced with the '.' operator.

355                   <span *ngIf="(getProductos(venta)?.length || 0) > 3" class="inline-flex items-center px-2.5 py-1 rounded-full bg-stone-900 dark:bg-white text-white dark:text-stone-900 text-xs font-semibold">+{{ (getProductos(venta)?.length || 0) - 3 }}</span>
                                                                                                                                                                                                                                               ~~~~~~

  src/app/components/ventascomponents/listallventas/listallventas.component.ts:59:16
    59   templateUrl: './listallventas.component.html', providers: [
                      ~~~~~~~~~~~~~~~~~~~~~~~~~~~~~~~~
    Error occurs in the template of component ListallventasComponent.


Warning: src/app/components/ventascomponents/listallventas/listallventas.component.html:364:97 - warning NG8107: The left side of this optional chain operation does not include 'null' or 'undefined' in its type, therefore the '?.' operator can be replaced with the '.' operator.

364                 <p class="text-[10px] text-stone-500 dark:text-stone-400">{{ venta.comprobante?.serie || 'ÔÇö' }} ┬À {{ venta.tipo_comprobante }}</p>
                                                                                                    ~~~~~

  src/app/components/ventascomponents/listallventas/listallventas.component.ts:59:16
    59   templateUrl: './listallventas.component.html', providers: [
                      ~~~~~~~~~~~~~~~~~~~~~~~~~~~~~~~~
    Error occurs in the template of component ListallventasComponent.


Warning: src/app/components/ventascomponents/todaysale/todaysale.component.html:190:43 - warning NG8107: The left side of this optional chain operation does not include 'null' or 'undefined' in its type, therefore the '?.' operator can be replaced with the '.' operator.

190                     {{ venta.comprobante?.serie || 'ÔÇö' }} - {{ comprobante.correlativo }}
                                              ~~~~~

  src/app/components/ventascomponents/todaysale/todaysale.component.ts:31:16
    31   templateUrl: './todaysale.component.html',
                      ~~~~~~~~~~~~~~~~~~~~~~~~~~~~
    Error occurs in the template of component TodaysaleComponent.


Warning: src/app/components/ventascomponents/todaysale/todaysale.component.html:236:52 - warning NG8107: The left side of this optional chain operation does not include 'null' or 'undefined' in its type, therefore the '?.' operator can be replaced with the '.' operator.

236                     {{ comprobante.nombre_cliente?.charAt(0) || 'C' }}
                                                       ~~~~~~

  src/app/components/ventascomponents/todaysale/todaysale.component.ts:31:16
    31   templateUrl: './todaysale.component.html',
                      ~~~~~~~~~~~~~~~~~~~~~~~~~~~~
    Error occurs in the template of component TodaysaleComponent.


Warning: src/app/components/ventascomponents/todaysale/todaysale.component.html:333:52 - warning NG8107: The left side of this optional chain operation does not include 'null' or 'undefined' in its type, therefore the '?.' operator can be replaced with the '.' operator.

333                   [appearance]="venta.comprobante?.estado_sunat === 'ACEPTADO' ? 'positive' : venta.comprobante?.estado_sunat === 'RECHAZADO' ? 'error' : 'warning'">
                                                       ~~~~~~~~~~~~

  src/app/components/ventascomponents/todaysale/todaysale.component.ts:31:16
    31   templateUrl: './todaysale.component.html',
                      ~~~~~~~~~~~~~~~~~~~~~~~~~~~~
    Error occurs in the template of component TodaysaleComponent.


Warning: src/app/components/ventascomponents/todaysale/todaysale.component.html:333:114 - warning NG8107: The left side of this optional chain operation does not include 'null' or 'undefined' in its type, therefore the '?.' operator can be replaced with the '.' operator.

333                   [appearance]="venta.comprobante?.estado_sunat === 'ACEPTADO' ? 'positive' : venta.comprobante?.estado_sunat === 'RECHAZADO' ? 'error' : 'warning'">
                                                                                                                     ~~~~~~~~~~~~

  src/app/components/ventascomponents/todaysale/todaysale.component.ts:31:16
    31   templateUrl: './todaysale.component.html',
                      ~~~~~~~~~~~~~~~~~~~~~~~~~~~~
    Error occurs in the template of component TodaysaleComponent.


Warning: src/app/components/ventascomponents/todaysale/todaysale.component.html:334:41 - warning NG8107: The left side of this optional chain operation does not include 'null' or 'undefined' in its type, therefore the '?.' operator can be replaced with the '.' operator.

334                   {{ venta.comprobante?.estado_sunat === "ACEPTADO" ? 'Aceptado' : venta.comprobante?.estado_sunat ===
                                            ~~~~~~~~~~~~

  src/app/components/ventascomponents/todaysale/todaysale.component.ts:31:16
    31   templateUrl: './todaysale.component.html',
                      ~~~~~~~~~~~~~~~~~~~~~~~~~~~~
    Error occurs in the template of component TodaysaleComponent.


Warning: src/app/components/ventascomponents/todaysale/todaysale.component.html:334:103 - warning NG8107: The left side of this optional chain operation does not include 'null' or 'undefined' in its type, therefore the '?.' operator can be replaced with the '.' operator.

334                   {{ venta.comprobante?.estado_sunat === "ACEPTADO" ? 'Aceptado' : venta.comprobante?.estado_sunat ===
                                                                                                          ~~~~~~~~~~~~

  src/app/components/ventascomponents/todaysale/todaysale.component.ts:31:16
    31   templateUrl: './todaysale.component.html',
                      ~~~~~~~~~~~~~~~~~~~~~~~~~~~~
    Error occurs in the template of component TodaysaleComponent.


Warning: src/app/components/ventascomponents/todaysalestable/todaysalestable.component.html:78:39 - warning NG8107: The left side of this optional chain operation does not include 'null' or 'undefined' in its type, therefore the '?.' operator can be replaced with the '.' operator.

78             +{{ (getProductos(venta)?.length || 0) - 3 }} productos mas
                                         ~~~~~~

  src/app/components/ventascomponents/todaysalestable/todaysalestable.component.ts:64:16
    64   templateUrl: './todaysalestable.component.html',
                      ~~~~~~~~~~~~~~~~~~~~~~~~~~~~~~~~~~
    Error occurs in the template of component TodaysalestableComponent.


Warning: src/app/components/ventascomponents/todaysalestable/todaysalestable.component.html:86:181 - warning NG8107: The left side of this optional chain operation does not include 'null' or 'undefined' in its type, therefore the '?.' operator can be replaced with the '.' operator.

86           <span class="inline-flex items-center px-2 py-1 rounded-full bg-stone-900 dark:bg-white text-white dark:text-stone-900 text-[10px] font-semibold">{{ getProductos(venta)?.length || 0 }} prod.</span>
                                                                                                                                                                                       ~~~~~~

  src/app/components/ventascomponents/todaysalestable/todaysalestable.component.ts:64:16
    64   templateUrl: './todaysalestable.component.html',
                      ~~~~~~~~~~~~~~~~~~~~~~~~~~~~~~~~~~
    Error occurs in the template of component TodaysalestableComponent.


Warning: src/app/pages/admin/admintiendadetail/admintiendadetail.component.html:14:28 - warning NG8107: The left side of this optional chain operation does not include 'null' or 'undefined' in its type, therefore the '?.' operator can be replaced with the '.' operator.

14             [src]="tienda?.logo_img ? imageUrl(tienda.logo_img) : 'https://sublimac.com/wp-content/uploads/2017/11/default-placeholder.png'"
                              ~~~~~~~~

  src/app/pages/admin/admintiendadetail/admintiendadetail.component.ts:30:16
    30   templateUrl: './admintiendadetail.component.html',
                      ~~~~~~~~~~~~~~~~~~~~~~~~~~~~~~~~~~~~
    Error occurs in the template of component AdmintiendadetailComponent.


Warning: src/app/pages/admin/admintiendadetail/admintiendadetail.component.html:57:105 - warning NG8107: The left side of this optional chain operation does not include 'null' or 'undefined' in its type, therefore the '?.' operator can be replaced with the '.' operator.

57           <span class="hidden md:block text-[11px] font-normal opacity-60 mt-1">{{ tienda.users_tienda?.length || 0 }} miembros</span>
                                                                                                           ~~~~~~

  src/app/pages/admin/admintiendadetail/admintiendadetail.component.ts:30:16
    30   templateUrl: './admintiendadetail.component.html',
                      ~~~~~~~~~~~~~~~~~~~~~~~~~~~~~~~~~~~~
    Error occurs in the template of component AdmintiendadetailComponent.


Warning: src/app/pages/admin/admintiendadetail/admintiendadetail.component.html:89:105 - warning NG8107: The left side of this optional chain operation does not include 'null' or 'undefined' in its type, therefore the '?.' operator can be replaced with the '.' operator.

89               <p class="text-[12px] text-[#86868b] mt-0.5">ID {{ tienda.id }} ┬À {{ tienda.users_tienda?.length || 0 }} participantes</p>
                                                                                                           ~~~~~~

  src/app/pages/admin/admintiendadetail/admintiendadetail.component.ts:30:16
    30   templateUrl: './admintiendadetail.component.html',
                      ~~~~~~~~~~~~~~~~~~~~~~~~~~~~~~~~~~~~
    Error occurs in the template of component AdmintiendadetailComponent.


Warning: src/app/pages/admin/admintiendadetail/admintiendadetail.component.html:165:82 - warning NG8107: The left side of this optional chain operation does not include 'null' or 'undefined' in its type, therefore the '?.' operator can be replaced with the '.' operator.

165             <p class="text-[12px] text-[#86868b] mt-0.5">{{ tienda.users_tienda?.length || 0 }} miembros en esta tienda</p>
                                                                                     ~~~~~~

  src/app/pages/admin/admintiendadetail/admintiendadetail.component.ts:30:16
    30   templateUrl: './admintiendadetail.component.html',
                      ~~~~~~~~~~~~~~~~~~~~~~~~~~~~~~~~~~~~
    Error occurs in the template of component AdmintiendadetailComponent.


Warning: src/app/pages/clientes/clientes.component.html:156:118 - warning NG8107: The left side of this optional chain operation does not include 'null' or 'undefined' in its type, therefore the '?.' operator can be replaced with the '.' operator.

156                       <p class="text-sm font-semibold text-stone-900 dark:text-white leading-none">{{ v.comprobante?.serie }}-{{ v.comprobante?.correlativo }} <span class="text-xs font-normal text-stone-400">┬À {{ v.tipo_comprobante }}</span></p>
                                                                                                                         ~~~~~

  src/app/pages/clientes/clientes.component.ts:21:16
    21   templateUrl: './clientes.component.html',
                      ~~~~~~~~~~~~~~~~~~~~~~~~~~~
    Error occurs in the template of component ClientesComponent.


Warning: src/app/pages/clientes/clientes.component.html:156:145 - warning NG8107: The left side of this optional chain operation does not include 'null' or 'undefined' in its type, therefore the '?.' operator can be replaced with the '.' operator.

156                       <p class="text-sm font-semibold text-stone-900 dark:text-white leading-none">{{ v.comprobante?.serie }}-{{ v.comprobante?.correlativo }} <span class="text-xs font-normal text-stone-400">┬À {{ v.tipo_comprobante }}</span></p>
                                                                                                                                                    ~~~~~~~~~~~

  src/app/pages/clientes/clientes.component.ts:21:16
    21   templateUrl: './clientes.component.html',
                      ~~~~~~~~~~~~~~~~~~~~~~~~~~~
    Error occurs in the template of component ClientesComponent.


Warning: src/app/pages/clientes/clientes.component.html:162:180 - warning NG8107: The left side of this optional chain operation does not include 'null' or 'undefined' in its type, therefore the '?.' operator can be replaced with the '.' operator.

162                     <span class="hidden sm:inline-flex px-2 py-1 rounded-full text-[10px] font-medium bg-stone-900 dark:bg-white text-white dark:text-stone-900">{{ v.comprobante?.estado_sunat }}</span>
                                                                                                                                                                                       ~~~~~~~~~~~~

  src/app/pages/clientes/clientes.component.ts:21:16
    21   templateUrl: './clientes.component.html',
                      ~~~~~~~~~~~~~~~~~~~~~~~~~~~
    Error occurs in the template of component ClientesComponent.


Warning: src/app/pages/clientes/clientes.component.html:170:110 - warning NG8107: The left side of this optional chain operation does not include 'null' or 'undefined' in its type, therefore the '?.' operator can be replaced with the '.' operator.

170                   <span class="text-xs text-stone-500">{{ getProductos(v).length }} prod ┬À {{ v.comprobante?.moneda || 'PEN' }}</span>
                                                                                                                 ~~~~~~

  src/app/pages/clientes/clientes.component.ts:21:16
    21   templateUrl: './clientes.component.html',
                      ~~~~~~~~~~~~~~~~~~~~~~~~~~~
    Error occurs in the template of component ClientesComponent.


Warning: src/app/pages/clientes/clientes.component.html:231:114 - warning NG8107: The left side of this optional chain operation does not include 'null' or 'undefined' in its type, therefore the '?.' operator can be replaced with the '.' operator.

231                   <p class="text-sm font-semibold text-stone-900 dark:text-white leading-none">{{ v.comprobante?.serie }}-{{ v.comprobante?.correlativo }}</p>
                                                                                                                     ~~~~~

  src/app/pages/clientes/clientes.component.ts:21:16
    21   templateUrl: './clientes.component.html',
                      ~~~~~~~~~~~~~~~~~~~~~~~~~~~
    Error occurs in the template of component ClientesComponent.


Warning: src/app/pages/clientes/clientes.component.html:231:141 - warning NG8107: The left side of this optional chain operation does not include 'null' or 'undefined' in its type, therefore the '?.' operator can be replaced with the '.' operator.

231                   <p class="text-sm font-semibold text-stone-900 dark:text-white leading-none">{{ v.comprobante?.serie }}-{{ v.comprobante?.correlativo }}</p>
                                                                                                                                                ~~~~~~~~~~~

  src/app/pages/clientes/clientes.component.ts:21:16
    21   templateUrl: './clientes.component.html',
                      ~~~~~~~~~~~~~~~~~~~~~~~~~~~
    Error occurs in the template of component ClientesComponent.


Warning: src/app/pages/tiktok/tiktok.component.html:322:80 - warning NG8107: The left side of this optional chain operation does not include 'null' or 'undefined' in its type, therefore the '?.' operator can be replaced with the '.' operator.

322                 {{ cliente.nombre.charAt(0) }}{{ cliente.nombre.split(' ')[1]?.charAt(0) || '' }}
                                                                                   ~~~~~~

  src/app/pages/tiktok/tiktok.component.ts:26:16
    26   templateUrl: './tiktok.component.html',
                      ~~~~~~~~~~~~~~~~~~~~~~~~~
    Error occurs in the template of component TiktokComponent.


Warning: C:/Users/ASUS/Worksplace/inventario-web-axel/src/app/components/Dialogs/dialogdevolucion/dialogdevolucion.component.ts is part of the TypeScript compilation but it's unused.
Add only entry points to the 'files' or 'include' properties in your tsconfig.

Warning: C:/Users/ASUS/Worksplace/inventario-web-axel/src/app/components/Dialogs/dialoglivedetail/dialoglivedetail.component.ts is part of the TypeScript compilation but it's unused.
Add only entry points to the 'files' or 'include' properties in your tsconfig.

Warning: C:/Users/ASUS/Worksplace/inventario-web-axel/src/app/components/Dialogs/dialoglivesummary/dialoglivesummary.component.ts is part of the TypeScript compilation but it's unused.
Add only entry points to the 'files' or 'include' properties in your tsconfig.

Warning: C:/Users/ASUS/Worksplace/inventario-web-axel/src/app/components/Tables/tableclientes/tableclientes.component.ts is part of the TypeScript compilation but it's unused.
Add only entry points to the 'files' or 'include' properties in your tsconfig.

Warning: C:/Users/ASUS/Worksplace/inventario-web-axel/src/app/components/Tables/tableproveedor/tableproveedor.component.ts is part of the TypeScript compilation but it's unused.
Add only entry points to the 'files' or 'include' properties in your tsconfig.

Warning: C:/Users/ASUS/Worksplace/inventario-web-axel/src/app/components/comprascomponents/subirexcel/subirexcel.component.ts is part of the TypeScript compilation but it's unused.
Add only entry points to the 'files' or 'include' properties in your tsconfig.

Warning: C:/Users/ASUS/Worksplace/inventario-web-axel/src/app/components/dashboardcomponents/dashboard-category-distribution/dashboard-category-distribution.component.ts is part of the TypeScript compilation but it's unused.
Add only entry points to the 'files' or 'include' properties in your tsconfig.

Warning: C:/Users/ASUS/Worksplace/inventario-web-axel/src/app/components/dashboardcomponents/dashboard-latest-sales/dashboard-latest-sales.component.ts is part of the TypeScript compilation but it's unused.
Add only entry points to the 'files' or 'include' properties in your tsconfig.

Warning: C:/Users/ASUS/Worksplace/inventario-web-axel/src/app/components/dashboardcomponents/dashboard-low-stock/dashboard-low-stock.component.ts is part of the TypeScript compilation but it's unused.
Add only entry points to the 'files' or 'include' properties in your tsconfig.

Warning: C:/Users/ASUS/Worksplace/inventario-web-axel/src/app/components/dashboardcomponents/dashboard-margen-ganancias/dashboard-margen-ganancias.component.ts is part of the TypeScript compilation but it's unused.
Add only entry points to the 'files' or 'include' properties in your tsconfig.

Warning: C:/Users/ASUS/Worksplace/inventario-web-axel/src/app/components/dashboardcomponents/dashboard-new-products/dashboard-new-products.component.ts is part of the TypeScript compilation but it's unused.
Add only entry points to the 'files' or 'include' properties in your tsconfig.

Warning: C:/Users/ASUS/Worksplace/inventario-web-axel/src/app/components/dashboardcomponents/dashboard-pending-orders/dashboard-pending-orders.component.ts is part of the TypeScript compilation but it's unused.
Add only entry points to the 'files' or 'include' properties in your tsconfig.

Warning: C:/Users/ASUS/Worksplace/inventario-web-axel/src/app/components/guiaremisioncomponents/detalleguia/detalleguia.component.ts is part of the TypeScript compilation but it's unused.
Add only entry points to the 'files' or 'include' properties in your tsconfig.

Warning: C:/Users/ASUS/Worksplace/inventario-web-axel/src/app/components/guiaremisioncomponents/listaguias/listaguias.component.ts is part of the TypeScript compilation but it's unused.
Add only entry points to the 'files' or 'include' properties in your tsconfig.

Warning: C:/Users/ASUS/Worksplace/inventario-web-axel/src/app/components/proveedorescomponents/registrarproveedor/registrarproveedor.component.ts is part of the TypeScript compilation but it's unused.
Add only entry points to the 'files' or 'include' properties in your tsconfig.

Warning: C:/Users/ASUS/Worksplace/inventario-web-axel/src/app/components/settingscomponents/perfilsettings/perfilsettings.component.ts is part of the TypeScript compilation but it's unused.
Add only entry points to the 'files' or 'include' properties in your tsconfig.

Warning: C:/Users/ASUS/Worksplace/inventario-web-axel/src/app/components/settingscomponents/seguridad/seguridad.component.ts is part of the TypeScript compilation but it's unused.
Add only entry points to the 'files' or 'include' properties in your tsconfig.

Warning: C:/Users/ASUS/Worksplace/inventario-web-axel/src/app/components/settingscomponents/tiendasettings/tiendasettings.component.ts is part of the TypeScript compilation but it's unused.
Add only entry points to the 'files' or 'include' properties in your tsconfig.

Warning: C:/Users/ASUS/Worksplace/inventario-web-axel/src/app/components/sidenavadmin/sidenavadmin.component.ts is part of the TypeScript compilation but it's unused.
Add only entry points to the 'files' or 'include' properties in your tsconfig.

Warning: C:/Users/ASUS/Worksplace/inventario-web-axel/src/app/pages/inventario/inventario.component.ts is part of the TypeScript compilation but it's unused.
Add only entry points to the 'files' or 'include' properties in your tsconfig.

Warning: C:/Users/ASUS/Worksplace/inventario-web-axel/src/app/pages/settiings/settiings.component.ts is part of the TypeScript compilation but it's unused.
Add only entry points to the 'files' or 'include' properties in your tsconfig.

Warning: C:/Users/ASUS/Worksplace/inventario-web-axel/src/app/pages/tiktok/tiktok.component.ts is part of the TypeScript compilation but it's unused.
Add only entry points to the 'files' or 'include' properties in your tsconfig.

Warning: C:/Users/ASUS/Worksplace/inventario-web-axel/src/app/services/dialogs-services/dialog-live-summary.service.ts is part of the TypeScript compilation but it's unused.
Add only entry points to the 'files' or 'include' properties in your tsconfig.

Warning: C:/Users/ASUS/Worksplace/inventario-web-axel/src/app/services/dialogs-services/dialog-live.service.ts is part of the TypeScript compilation but it's unused.
Add only entry points to the 'files' or 'include' properties in your tsconfig.

Warning: C:/Users/ASUS/Worksplace/inventario-web-axel/src/app/state/selectors/guia-remision.selectors.ts is part of the TypeScript compilation but it's unused.
Add only entry points to the 'files' or 'include' properties in your tsconfig.

Warning: C:/Users/ASUS/Worksplace/inventario-web-axel/src/environments/environment.production.ts is part of the TypeScript compilation but it's unused.
Add only entry points to the 'files' or 'include' properties in your tsconfig.

Warning: C:/Users/ASUS/Worksplace/inventario-web-axel/src/test.ts is part of the TypeScript compilation but it's unused.
Add only entry points to the 'files' or 'include' properties in your tsconfig.

Warning: C:\Users\ASUS\Worksplace\inventario-web-axel\src\app\components\Tables\tableproduct\tableproduct.component.ts depends on '@/app/utils/barcode'. CommonJS or AMD dependencies can cause optimization bailouts.
For more info see: https://angular.io/guide/build#configuring-commonjs-dependencies

Warning: C:\Users\ASUS\Worksplace\inventario-web-axel\src\app\components\pedidoscomponents\listallpedidos\listallpedidos.component.ts depends on 'dayjs/plugin/advancedFormat'. CommonJS or AMD dependencies can cause optimization bailouts.
For more info see: https://angular.io/guide/build#configuring-commonjs-dependencies

Warning: C:\Users\ASUS\Worksplace\inventario-web-axel\src\app\components\pedidoscomponents\listallpedidos\listallpedidos.component.ts depends on 'dayjs/plugin/localizedFormat'. CommonJS or AMD dependencies can cause optimization bailouts.
For more info see: https://angular.io/guide/build#configuring-commonjs-dependencies

Warning: C:\Users\ASUS\Worksplace\inventario-web-axel\src\app\components\productoscomponents\imprimir-cod-barras\imprimir-cod-barras.component.ts depends on 'jsbarcode'. CommonJS or AMD dependencies can cause optimization bailouts.
For more info see: https://angular.io/guide/build#configuring-commonjs-dependencies

Warning: C:\Users\ASUS\Worksplace\inventario-web-axel\src\app\pages\clientes\clientes.component.ts depends on 'dayjs'. CommonJS or AMD dependencies can cause optimization bailouts.
For more info see: https://angular.io/guide/build#configuring-commonjs-dependencies


